config_hash : 70b036b3660f21dc
criteria    : ('crit_above_sma200', 'crit_sma200_slope', 'crit_rel_return')
event_start : 2002-01-01
  universe 2001Q4 ok: universe: evaluated 765 tickers as of 2001Q4
  universe 2002Q1 ok: universe: evaluated 768 tickers as of 2002Q1
  universe 2002Q2 ok: universe: evaluated 775 tickers as of 2002Q2
  universe 2002Q3 ok: universe: evaluated 782 tickers as of 2002Q3
  universe 2002Q4 ok: universe: evaluated 788 tickers as of 2002Q4
  universe 2003Q1 ok: universe: evaluated 788 tickers as of 2003Q1
  universe 2003Q2 ok: universe: evaluated 790 tickers as of 2003Q2
  universe 2003Q3 ok: universe: evaluated 797 tickers as of 2003Q3
  universe 2003Q4 ok: universe: evaluated 806 tickers as of 2003Q4
  universe 2004Q1 ok: universe: evaluated 810 tickers as of 2004Q1
  universe 2004Q2 ok: universe: evaluated 817 tickers as of 2004Q2
  universe 2004Q3 ok: universe: evaluated 823 tickers as of 2004Q3
  universe 2004Q4 ok: universe: evaluated 831 tickers as of 2004Q4
  universe 2005Q1 ok: universe: evaluated 837 tickers as of 2005Q1
  universe 2005Q2 ok: universe: evaluated 841 tickers as of 2005Q2
  universe 2005Q3 ok: universe: evaluated 852 tickers as of 2005Q3
  universe 2005Q4 ok: universe: evaluated 859 tickers as of 2005Q4
  universe 2006Q1 ok: universe: evaluated 867 tickers as of 2006Q1
  universe 2006Q2 ok: universe: evaluated 869 tickers as of 2006Q2
  universe 2006Q3 ok: universe: evaluated 873 tickers as of 2006Q3
  universe 2006Q4 ok: universe: evaluated 885 tickers as of 2006Q4
  universe 2007Q1 ok: universe: evaluated 889 tickers as of 2007Q1
  universe 2007Q2 ok: universe: evaluated 898 tickers as of 2007Q2
  universe 2007Q3 ok: universe: evaluated 902 tickers as of 2007Q3
  universe 2007Q4 ok: universe: evaluated 908 tickers as of 2007Q4
  universe 2008Q1 ok: universe: evaluated 912 tickers as of 2008Q1
  universe 2008Q2 ok: universe: evaluated 917 tickers as of 2008Q2
  universe 2008Q3 ok: universe: evaluated 920 tickers as of 2008Q3
  universe 2008Q4 ok: universe: evaluated 922 tickers as of 2008Q4
  universe 2009Q1 ok: universe: evaluated 924 tickers as of 2009Q1
  universe 2009Q2 ok: universe: evaluated 924 tickers as of 2009Q2
  universe 2009Q3 ok: universe: evaluated 926 tickers as of 2009Q3
  universe 2009Q4 ok: universe: evaluated 933 tickers as of 2009Q4
  universe 2010Q1 ok: universe: evaluated 943 tickers as of 2010Q1
  universe 2010Q2 ok: universe: evaluated 952 tickers as of 2010Q2
  universe 2010Q3 ok: universe: evaluated 958 tickers as of 2010Q3
  universe 2010Q4 ok: universe: evaluated 965 tickers as of 2010Q4
  universe 2011Q1 ok: universe: evaluated 969 tickers as of 2011Q1
  universe 2011Q2 ok: universe: evaluated 971 tickers as of 2011Q2
  universe 2011Q3 ok: universe: evaluated 973 tickers as of 2011Q3
  universe 2011Q4 ok: universe: evaluated 978 tickers as of 2011Q4
  universe 2012Q1 ok: universe: evaluated 987 tickers as of 2012Q1
  universe 2012Q2 ok: universe: evaluated 992 tickers as of 2012Q2
  universe 2012Q3 ok: universe: evaluated 998 tickers as of 2012Q3
  universe 2012Q4 ok: universe: evaluated 1002 tickers as of 2012Q4
  universe 2013Q1 ok: universe: evaluated 1006 tickers as of 2013Q1
  universe 2013Q2 ok: universe: evaluated 1016 tickers as of 2013Q2
  universe 2013Q3 ok: universe: evaluated 1026 tickers as of 2013Q3
  universe 2013Q4 ok: universe: evaluated 1036 tickers as of 2013Q4
  universe 2014Q1 ok: universe: evaluated 1042 tickers as of 2014Q1
  universe 2014Q2 ok: universe: evaluated 1051 tickers as of 2014Q2
  universe 2014Q3 ok: universe: evaluated 1058 tickers as of 2014Q3
  universe 2014Q4 ok: universe: evaluated 1066 tickers as of 2014Q4
  universe 2015Q1 ok: universe: evaluated 1072 tickers as of 2015Q1
  universe 2015Q2 ok: universe: evaluated 1082 tickers as of 2015Q2
  universe 2015Q3 ok: universe: evaluated 1093 tickers as of 2015Q3
  universe 2015Q4 ok: universe: evaluated 1100 tickers as of 2015Q4
  universe 2016Q1 ok: universe: evaluated 1102 tickers as of 2016Q1
  universe 2016Q2 ok: universe: evaluated 1108 tickers as of 2016Q2
  universe 2016Q3 ok: universe: evaluated 1117 tickers as of 2016Q3
  universe 2016Q4 ok: universe: evaluated 1126 tickers as of 2016Q4
  universe 2017Q1 ok: universe: evaluated 1130 tickers as of 2017Q1
  universe 2017Q2 ok: universe: evaluated 1140 tickers as of 2017Q2
  universe 2017Q3 ok: universe: evaluated 1143 tickers as of 2017Q3
  universe 2017Q4 ok: universe: evaluated 1149 tickers as of 2017Q4
  universe 2018Q1 ok: universe: evaluated 1162 tickers as of 2018Q1
  universe 2018Q2 ok: universe: evaluated 1174 tickers as of 2018Q2
  universe 2018Q3 ok: universe: evaluated 1183 tickers as of 2018Q3
  universe 2018Q4 ok: universe: evaluated 1192 tickers as of 2018Q4
  universe 2019Q1 ok: universe: evaluated 1201 tickers as of 2019Q1
  universe 2019Q2 ok: universe: evaluated 1215 tickers as of 2019Q2
  universe 2019Q3 ok: universe: evaluated 1225 tickers as of 2019Q3
  universe 2019Q4 ok: universe: evaluated 1230 tickers as of 2019Q4
  universe 2020Q1 ok: universe: evaluated 1237 tickers as of 2020Q1
  universe 2020Q2 ok: universe: evaluated 1245 tickers as of 2020Q2
  universe 2020Q3 ok: universe: evaluated 1260 tickers as of 2020Q3
  universe 2020Q4 ok: universe: evaluated 1276 tickers as of 2020Q4
  universe 2021Q1 ok: universe: evaluated 1287 tickers as of 2021Q1
  universe 2021Q2 ok: universe: evaluated 1308 tickers as of 2021Q2
  universe 2021Q3 ok: universe: evaluated 1325 tickers as of 2021Q3
  universe 2021Q4 ok: universe: evaluated 1333 tickers as of 2021Q4
  universe 2022Q1 ok: universe: evaluated 1338 tickers as of 2022Q1
  universe 2022Q2 ok: universe: evaluated 1341 tickers as of 2022Q2
  universe 2022Q3 ok: universe: evaluated 1345 tickers as of 2022Q3
  universe 2022Q4 ok: universe: evaluated 1349 tickers as of 2022Q4
  universe 2023Q1 ok: universe: evaluated 1352 tickers as of 2023Q1
  universe 2023Q2 ok: universe: evaluated 1356 tickers as of 2023Q2
  universe 2023Q3 ok: universe: evaluated 1363 tickers as of 2023Q3
  universe 2023Q4 ok: universe: evaluated 1367 tickers as of 2023Q4
  universe 2024Q1 ok: universe: evaluated 1380 tickers as of 2024Q1
  universe 2024Q2 ok: universe: evaluated 1389 tickers as of 2024Q2
  universe 2024Q3 ok: universe: evaluated 1393 tickers as of 2024Q3
  universe 2024Q4 ok: universe: evaluated 1400 tickers as of 2024Q4
  universe 2025Q1 ok: universe: evaluated 1407 tickers as of 2025Q1
  universe 2025Q2 ok: universe: evaluated 1417 tickers as of 2025Q2
  universe 2025Q3 ok: universe: evaluated 1419 tickers as of 2025Q3
  universe 2025Q4 ok: universe: evaluated 1419 tickers as of 2025Q4
  universe 2026Q1 ok: universe: evaluated 1419 tickers as of 2026Q1
  universe 2026Q2 ok: universe: evaluated 1419 tickers as of 2026Q2
=== [22:26:20] universe done, 0 failure(s) ===
=== [22:26:20] START events ===
note: --lookback 10200 reaches 1998-09-30, before SplitParams.event_start 
2002-01-01; clamping start to 2002-01-01
=== [03:08:36] END events exit=0 ===
=== BUILD HIST STAGE 3 DONE ===
