db: 192.168.1.12/capitalscan  T=2025-09-26  eval=(datetime.date(2025, 9, 26), datetime.date(2026, 9, 25))
sector medians: 50,154 rows
eval frame: FrameReport(rows=17350, dropped_etf=594, dropped_missing_sector=0, dropped_no_label=14791, dropped_untrained_type=0)  sector NaN: 0

=== A_base: 22 features, 6 tasks ===
  n_train=132,563 n_calibrate=7,111 steps=[829, 714, 772]

=== D_both: 24 features, 8 tasks ===
  n_train=132,563 n_calibrate=7,111 steps=[744, 637, 772]

==============================================================================
OUT OF SAMPLE 2025-09-26 .. 2026-09-25
==============================================================================
                           auc             gap         skill_vs_eval_base        
arm                     A_base  D_both  A_base  D_both             A_base  D_both
field       scope                                                                
p_adverse_3 all         0.6266  0.6302  0.1497  0.1541            -0.0434 -0.0441
            side=long   0.6217  0.6210  0.1150  0.1317            -0.0123 -0.0258
            side=short  0.6342  0.6371  0.1741  0.1699            -0.0652 -0.0569
p_adverse_5 all         0.6665  0.6697  0.1037  0.1081             0.0143  0.0101
            side=long   0.6572  0.6571  0.0568  0.0684             0.0396  0.0311
            side=short  0.6839  0.6845  0.1369  0.1362            -0.0019 -0.0034
p_touch_10  all         0.7535  0.7543 -0.0289 -0.0270             0.1298  0.1275
            side=long   0.7580  0.7523 -0.0218 -0.0237             0.1503  0.1361
            side=short  0.7445  0.7495 -0.0338 -0.0293             0.1119  0.1200
p_touch_2   all         0.6105  0.6140 -0.0757 -0.0751             0.0033  0.0070
            side=long   0.6405  0.6485 -0.1009 -0.1111             0.0106  0.0079
            side=short  0.5857  0.5884 -0.0580 -0.0497            -0.0016  0.0064
p_touch_3   all         0.6442  0.6465 -0.0567 -0.0583             0.0465  0.0456
            side=long   0.6690  0.6712 -0.0767 -0.0904             0.0653  0.0563
            side=short  0.6213  0.6242 -0.0426 -0.0356             0.0332  0.0381
p_touch_5   all         0.6917  0.6942 -0.0562 -0.0538             0.0771  0.0797
            side=long   0.7127  0.7153 -0.0629 -0.0691             0.1140  0.1086
            side=short  0.6702  0.6724 -0.0514 -0.0430             0.0482  0.0571

results: C:\Users\daris\Desktop\School\CapitalScan\scripts\hist\arm-d-2026-09-27\results.csv
=== DONE ===
