keeping:
  0523841076f47293  10,824,822 events

deleting 10 generation(s), 11,954,433 events (path cascades):
  fda16796c6e82ee4  1,890,488
  86e91448a65aa40b  1,731,328
  a38d3ca6b58295e8  1,385,633
  f7d7bcd52ec48c22  1,379,144
  d750336f30551cab  1,379,144
  185bba9a239c18f4  1,266,516
  f66729c7eda212a4  1,110,115
  697f3ae71428d392  627,528
  1835688bf7d760ba  626,989
  bbc99a02ebdc999f  557,548
  fda16796c6e8  200,000/11,954,433  11,436 events/s  eta 17m
  fda16796c6e8  400,000/11,954,433  12,428 events/s  eta 15m
  fda16796c6e8  600,000/11,954,433  15,540 events/s  eta 12m
  fda16796c6e8  800,000/11,954,433  16,997 events/s  eta 11m
  fda16796c6e8  1,000,000/11,954,433  18,846 events/s  eta 10m
  fda16796c6e8  1,200,000/11,954,433  21,249 events/s  eta 8m
  fda16796c6e8  1,400,000/11,954,433  23,621 events/s  eta 7m
  fda16796c6e8  1,600,000/11,954,433  25,802 events/s  eta 7m
  fda16796c6e8  1,800,000/11,954,433  27,770 events/s  eta 6m
  fda16796c6e8  1,890,488/11,954,433  24,476 events/s  eta 7m
  86e91448a65a  2,090,488/11,954,433  21,536 events/s  eta 8m
  86e91448a65a  2,290,488/11,954,433  22,093 events/s  eta 7m
  86e91448a65a  2,490,488/11,954,433  22,282 events/s  eta 7m
  86e91448a65a  2,690,488/11,954,433  22,184 events/s  eta 7m
  86e91448a65a  2,890,488/11,954,433  22,250 events/s  eta 7m
  86e91448a65a  3,090,488/11,954,433  22,989 events/s  eta 6m
  86e91448a65a  3,290,488/11,954,433  21,943 events/s  eta 7m
  86e91448a65a  3,490,488/11,954,433  22,493 events/s  eta 6m
  86e91448a65a  3,621,816/11,954,433  21,060 events/s  eta 7m
  a38d3ca6b582  3,821,816/11,954,433  20,194 events/s  eta 7m
