store       : capitalscan_hist
config_hash : e53e0ebd9a4e5be6
train : FrameReport(rows=88656, dropped_etf=5578, dropped_missing_sector=0, dropped_no_label=476094, dropped_untrained_type=0)
W1    : FrameReport(rows=12408, dropped_etf=930, dropped_missing_sector=0, dropped_no_label=63345, dropped_untrained_type=0)
W2    : FrameReport(rows=26897, dropped_etf=1604, dropped_missing_sector=0, dropped_no_label=141288, dropped_untrained_type=0)

fitting once, six heads...
  steps: [590, 600, 517]
W1: 12,408 events, 7,698 above / 4,710 below
W2: 26,897 events, 25,326 above / 1,571 below

==============================================================================
|bias| and ECE by arm and cell, lower is better
==============================================================================

--- calibrate on W1, evaluate on W2 ---
                  abs_bias           brier             ece        
arm                 POOLED   SPLIT  POOLED   SPLIT  POOLED   SPLIT
field       cell                                                  
p_adverse_3 above   0.0060  0.0077  0.2139  0.2137  0.0168  0.0156
            all     0.0036  0.0050  0.2148  0.2147  0.0200  0.0161
            below   0.0336  0.0376  0.2283  0.2316  0.0493  0.0560
p_adverse_5 above   0.0126  0.0120  0.1484  0.1484  0.0200  0.0150
            all     0.0111  0.0103  0.1502  0.1502  0.0186  0.0170
            below   0.0131  0.0164  0.1782  0.1777  0.0237  0.0230
p_touch_10  above   0.0096  0.0247  0.1424  0.1445  0.0122  0.0248
            all     0.0134  0.0265  0.1467  0.1485  0.0148  0.0266
            below   0.0720  0.0533  0.2139  0.2110  0.0842  0.0745
p_touch_2   above   0.0150  0.0150  0.1962  0.1960  0.0191  0.0172
            all     0.0165  0.0170  0.1930  0.1928  0.0178  0.0183
            below   0.0390  0.0471  0.1430  0.1428  0.0463  0.0471
p_touch_3   above   0.0189  0.0211  0.2261  0.2261  0.0190  0.0212
            all     0.0215  0.0237  0.2231  0.2231  0.0218  0.0238
            below   0.0620  0.0640  0.1771  0.1767  0.0745  0.0726
p_touch_5   above   0.0217  0.0268  0.2063  0.2074  0.0264  0.0284
            all     0.0241  0.0289  0.2072  0.2082  0.0261  0.0289
            below   0.0607  0.0613  0.2200  0.2199  0.0820  0.0760
  all   mean |bias| POOLED 0.0150 -> SPLIT 0.0185 | ECE 0.0198 -> 0.0218 | Brier 0.1892 -> 0.1896
  above mean |bias| POOLED 0.0140 -> SPLIT 0.0179 | ECE 0.0189 -> 0.0204 | Brier 0.1889 -> 0.1893
  below mean |bias| POOLED 0.0467 -> SPLIT 0.0466 | ECE 0.0600 -> 0.0582 | Brier 0.1934 -> 0.1933

--- calibrate on W2, evaluate on W1 ---
                  abs_bias           brier             ece        
arm                 POOLED   SPLIT  POOLED   SPLIT  POOLED   SPLIT
field       cell                                                  
p_adverse_3 above   0.0040  0.0048  0.2082  0.2081  0.0211  0.0191
            all     0.0027  0.0047  0.2112  0.2114  0.0236  0.0226
            below   0.0007  0.0206  0.2162  0.2169  0.0314  0.0212
p_adverse_5 above   0.0111  0.0126  0.1326  0.1326  0.0215  0.0219
            all     0.0121  0.0047  0.1453  0.1450  0.0227  0.0151
            below   0.0136  0.0086  0.1665  0.1657  0.0188  0.0169
p_touch_10  above   0.0227  0.0202  0.1228  0.1228  0.0227  0.0208
            all     0.0173  0.0334  0.1451  0.1459  0.0228  0.0334
            below   0.0082  0.0553  0.1823  0.1845  0.0239  0.0562
p_touch_2   above   0.0162  0.0145  0.2084  0.2084  0.0162  0.0169
            all     0.0145  0.0248  0.1914  0.1915  0.0208  0.0248
            below   0.0116  0.0420  0.1631  0.1634  0.0300  0.0420
p_touch_3   above   0.0213  0.0189  0.2332  0.2331  0.0289  0.0271
            all     0.0205  0.0366  0.2214  0.2228  0.0231  0.0407
            below   0.0191  0.0662  0.2016  0.2057  0.0306  0.0662
p_touch_5   above   0.0235  0.0217  0.1965  0.1964  0.0247  0.0231
            all     0.0269  0.0383  0.2038  0.2045  0.0337  0.0384
            below   0.0327  0.0661  0.2160  0.2179  0.0547  0.0699
  all   mean |bias| POOLED 0.0157 -> SPLIT 0.0237 | ECE 0.0245 -> 0.0292 | Brier 0.1864 -> 0.1869
  above mean |bias| POOLED 0.0165 -> SPLIT 0.0154 | ECE 0.0225 -> 0.0215 | Brier 0.1836 -> 0.1836
  below mean |bias| POOLED 0.0143 -> SPLIT 0.0431 | ECE 0.0316 -> 0.0454 | Brier 0.1909 -> 0.1923

results: C:\Users\daris\Desktop\School\CapitalScan\scripts\hist\regime-calibration-2026-09-22\regime_calibration.csv

=== REGIME CALIBRATION DONE ===
