db: 192.168.1.12/capitalscan  T=2025-09-26  eval=(datetime.date(2025, 9, 26), datetime.date(2026, 9, 25))
train 132,563  validate 7,111  eval 17,350
steps [829, 714, 772]

OUT OF SAMPLE 2025-09-26 .. 2026-09-25: stop rate 0.2024 on 17,350 exits
  p_adverse_3 (calibrated) as P(stop) mean 0.3184 vs 0.2024  AUC 0.4957  Brier skill -0.1908
    by stop-distance quintile:
                                    n    pred    real
    q                                                    
    (0.0022299999999999998, 0.0392]  3470  0.2287  0.2484
    (0.0392, 0.0486]                 3470  0.2586  0.2219
    (0.0486, 0.0612]                 3470  0.2975  0.2012
    (0.0612, 0.0824]                 3470  0.3586  0.1954
    (0.0824, 0.515]                  3470  0.4489  0.1450
  trough CDF at own stop, raw        mean 0.1351 vs 0.2024  AUC 0.5729  Brier skill -0.0340
    by stop-distance quintile:
                                    n    pred    real
    q                                                    
    (0.0022299999999999998, 0.0392]  3470  0.2090  0.2484
    (0.0392, 0.0486]                 3470  0.1425  0.2219
    (0.0486, 0.0612]                 3470  0.1186  0.2012
    (0.0612, 0.0824]                 3470  0.1083  0.1954
    (0.0824, 0.515]                  3470  0.0973  0.1450
  trough CDF at own stop, calibrated mean 0.1232 vs 0.2024  AUC 0.5726  Brier skill -0.0287
    by stop-distance quintile:
                                    n    pred    real
    q                                                    
    (0.0022299999999999998, 0.0392]  3470  0.1558  0.2484
    (0.0392, 0.0486]                 3470  0.1276  0.2219
    (0.0486, 0.0612]                 3470  0.1159  0.2012
    (0.0612, 0.0824]                 3470  0.1111  0.1954
    (0.0824, 0.515]                  3470  0.1058  0.1450

=== DONE ===
