
===== short: n=91,413
real net -0.147%, simulated current policy -0.153%, exits {'timeout': 0.608, 'stop': 0.231, 'target': 0.161}
no stop or target, exit at the close of day N: {1: -0.078, 2: -0.096, 3: -0.114, 4: -0.129, 5: -0.15, 6: -0.183, 7: -0.212, 8: -0.24, 9: -0.277, 10: -0.303}
top 8 by net, % per trade
 target  stop_k  hold    net  pre2019  from2019   win  target_rate  stop_rate
    NaN     1.0     1 -0.010   -0.036     0.003 0.456        0.000      0.232
    NaN     1.0     2 -0.013   -0.018    -0.011 0.435        0.000      0.348
    NaN     1.0     3 -0.014    0.001    -0.021 0.412        0.000      0.428
   0.07     1.0     1 -0.020   -0.038    -0.011 0.456        0.016      0.232
   0.07     1.0     2 -0.026   -0.025    -0.027 0.435        0.032      0.348
    NaN     1.0     5 -0.032   -0.000    -0.049 0.369        0.000      0.533
   0.07     1.0     3 -0.033   -0.012    -0.043 0.413        0.047      0.427
   0.05     1.0     1 -0.036   -0.043    -0.032 0.456        0.039      0.232
chosen on pre-2019: target=None stop=1.0 hold=3, pre-2019 +0.001%, from 2019 -0.021%, all years -0.014 [-0.065, +0.037]
  bb_upper_touch           n=34,753 | current -0.265 [-0.334, -0.196] | 1 ATR / 1d -0.068 [-0.110, -0.027] | 1 ATR / 3d -0.091 [-0.149, -0.033] | none / 10d -0.474 [-0.599, -0.350] | 5% / 2 ATR / 10d -0.303 [-0.381, -0.225]
  bear_close_above_upper   n= 4,699 | current +0.430 [+0.306, +0.553] | 1 ATR / 1d +0.533 [+0.456, +0.611] | 1 ATR / 3d +0.538 [+0.414, +0.661] | none / 10d +0.288 [+0.075, +0.500] | 5% / 2 ATR / 10d +0.368 [+0.227, +0.508]
  confluence_high          n=51,961 | current -0.131 [-0.196, -0.066] | 1 ATR / 1d -0.020 [-0.064, +0.024] | 1 ATR / 3d -0.012 [-0.069, +0.045] | none / 10d -0.242 [-0.366, -0.118] | 5% / 2 ATR / 10d -0.178 [-0.253, -0.103]

===== long: n=70,315
real net +0.264%, simulated current policy +0.220%, exits {'timeout': 0.518, 'target': 0.248, 'stop': 0.233}
no stop or target, exit at the close of day N: {1: 0.038, 2: 0.125, 3: 0.234, 4: 0.32, 5: 0.386, 6: 0.436, 7: 0.455, 8: 0.52, 9: 0.567, 10: 0.649}
top 8 by net, % per trade
 target  stop_k  hold   net  pre2019  from2019   win  target_rate  stop_rate
    NaN     3.0    10 0.656    0.649     0.659 0.543        0.000      0.198
    NaN     NaN    10 0.649    0.801     0.570 0.557        0.000      0.000
    NaN     2.0    10 0.596    0.537     0.628 0.500        0.000      0.355
    NaN     1.5    10 0.517    0.459     0.547 0.446        0.000      0.472
   0.07     NaN    10 0.509    0.744     0.386 0.580        0.249      0.000
   0.07     3.0    10 0.509    0.593     0.465 0.566        0.247      0.191
    NaN     1.0    10 0.495    0.420     0.534 0.361        0.000      0.607
    NaN     NaN     7 0.455    0.598     0.381 0.552        0.000      0.000
chosen on pre-2019: target=None stop=None hold=10, pre-2019 +0.801%, from 2019 +0.570%, all years +0.649 [+0.305, +0.994]
  bb_lower_touch           n=36,134 | current +0.049 [-0.095, +0.194] | 1 ATR / 1d +0.023 [-0.076, +0.122] | 1 ATR / 3d +0.102 [-0.029, +0.232] | none / 10d +0.411 [+0.068, +0.754] | 5% / 2 ATR / 10d +0.154 [+0.003, +0.306]
  bull_close_below_lower   n= 3,968 | current +1.399 [+1.072, +1.725] | 1 ATR / 1d +1.308 [+0.959, +1.656] | 1 ATR / 3d +1.441 [+0.931, +1.951] | none / 10d +1.673 [+0.669, +2.678] | 5% / 2 ATR / 10d +1.507 [+1.169, +1.845]
  confluence_low           n=30,213 | current +0.270 [+0.083, +0.457] | 1 ATR / 1d +0.097 [-0.060, +0.255] | 1 ATR / 3d +0.341 [+0.125, +0.557] | none / 10d +0.800 [+0.393, +1.208] | 5% / 2 ATR / 10d +0.418 [+0.229, +0.608]
