part 2: forward S&P on t-1 state, out of sample 2012-2026
 h    n  oos_r2  direction_hit
 3 3702 -0.0047         0.4827
 5 3700 -0.0082         0.4859
10 3695 -0.0197         0.4806
train FrameReport(rows=92060, dropped_etf=5486, dropped_missing_sector=0, dropped_no_label=66190, dropped_untrained_type=0, dropped_no_breadth=0)
W1    FrameReport(rows=19164, dropped_etf=930, dropped_missing_sector=0, dropped_no_label=15032, dropped_untrained_type=0, dropped_no_breadth=0)
W2    FrameReport(rows=45988, dropped_etf=1604, dropped_missing_sector=0, dropped_no_label=36189, dropped_untrained_type=0, dropped_no_breadth=0)
steps [575, 409, 616]
W1: 19,164 rows, transition 2,472
W2: 45,988 rows, transition 0

bias (mean p - realised), fitted on W2, applied to W1
arm                                 RAW    BASE   STATE  ORACLE    PATH  ORACLE_W1
field       cell                                                                  
p_adverse_3 W1 rest              0.0037  0.0501 -0.0213  0.0460  0.0566     0.0000
            W1 transition       -0.2106 -0.1616 -0.1655 -0.1394 -0.1313    -0.1827
            W1 transition long  -0.4209 -0.3773 -0.4191 -0.2423 -0.2508    -0.2960
            W1 transition short -0.0536 -0.0005  0.0240 -0.0626 -0.0421    -0.0981
p_adverse_5 W1 rest              0.0044  0.0456  0.0340  0.0476  0.0473    -0.0000
            W1 transition       -0.1669 -0.1240 -0.1168 -0.0885 -0.0996    -0.1412
            W1 transition long  -0.3481 -0.3064 -0.3251 -0.1690 -0.2072    -0.2672
            W1 transition short -0.0315  0.0122  0.0388 -0.0284 -0.0193    -0.0471
p_touch_10  W1 rest             -0.0075  0.0302  0.0599  0.0458  0.0480    -0.0000
            W1 transition       -0.0190  0.0202  0.0069  0.0441  0.0356    -0.0036
            W1 transition long   0.1222  0.1642  0.1814  0.0722  0.0771     0.0337
            W1 transition short -0.1245 -0.0874 -0.1235  0.0232  0.0046    -0.0314
p_touch_2   W1 rest             -0.0099  0.0071  0.0339  0.0011  0.0011     0.0000
            W1 transition        0.1096  0.1208  0.1140  0.1074  0.1132     0.1027
            W1 transition long   0.3034  0.2959  0.3186  0.1686  0.1974     0.1283
            W1 transition short -0.0351 -0.0101 -0.0389  0.0616  0.0502     0.0835
p_touch_3   W1 rest             -0.0092  0.0175  0.0689  0.0141  0.0231    -0.0000
            W1 transition        0.1073  0.1309  0.1224  0.1165  0.1382     0.0981
            W1 transition long   0.3208  0.3261  0.3445  0.1851  0.2371     0.1260
            W1 transition short -0.0522 -0.0149 -0.0435  0.0653  0.0643     0.0772
p_touch_5   W1 rest              0.0035  0.0372  0.1161  0.0412  0.0534    -0.0001
            W1 transition        0.0586  0.0942  0.0852  0.0798  0.1029     0.0338
            W1 transition long   0.2426  0.2735  0.3012  0.1422  0.1989     0.0759
            W1 transition short -0.0789 -0.0397 -0.0762  0.0332  0.0312     0.0024

RAW arm by cell
                                     n  base_rate  mean_p    bias  mkt_fav
field       cell                                                          
p_touch_2   W1 transition         2472     0.5918  0.7014  0.1096  -0.0022
            W1 transition long    1321     0.4668  0.7702  0.3034  -0.0295
            W1 transition short   1151     0.6851  0.6500 -0.0351   0.0182
            W1 rest              16692     0.6953  0.6855 -0.0099   0.0016
p_touch_3   W1 transition         2472     0.4554  0.5627  0.1073  -0.0022
            W1 transition long    1321     0.3268  0.6477  0.3208  -0.0295
            W1 transition short   1151     0.5515  0.4993 -0.0522   0.0182
            W1 rest              16692     0.5607  0.5515 -0.0092   0.0016
p_touch_5   W1 transition         2472     0.2710  0.3296  0.0586  -0.0022
            W1 transition long    1321     0.1476  0.3902  0.2426  -0.0295
            W1 transition short   1151     0.3632  0.2843 -0.0789   0.0182
            W1 rest              16692     0.3292  0.3327  0.0035   0.0016
p_touch_10  W1 transition         2472     0.1705  0.1515 -0.0190   0.0067
            W1 transition long    1321     0.0518  0.1740  0.1222  -0.0383
            W1 transition short   1151     0.2592  0.1347 -0.1245   0.0404
            W1 rest              16692     0.1672  0.1596 -0.0075   0.0023
p_adverse_3 W1 transition         2472     0.4825  0.2719 -0.2106  -0.0022
            W1 transition long    1321     0.7496  0.3287 -0.4209  -0.0295
            W1 transition short   1151     0.2830  0.2295 -0.0536   0.0182
            W1 rest              16692     0.2932  0.2969  0.0037   0.0016
p_adverse_5 W1 transition         2472     0.2971  0.1302 -0.1669  -0.0022
            W1 transition long    1321     0.5307  0.1826 -0.3481  -0.0295
            W1 transition short   1151     0.1226  0.0911 -0.0315   0.0182
            W1 rest              16692     0.1461  0.1505  0.0044   0.0016

mean over six fields
                    abs_bias                                             brier                                          
arm                     BASE  ORACLE ORACLE_W1    PATH     RAW   STATE    BASE  ORACLE ORACLE_W1    PATH     RAW   STATE
cell                                                                                                                    
W1 rest               0.0313  0.0326    0.0000  0.0382  0.0064  0.0557  0.1736  0.1617    0.1593  0.1635  0.1729  0.1900
W1 transition         0.1086  0.0960    0.0937  0.1035  0.1120  0.1018  0.2169  0.1826    0.1849  0.1872  0.2212  0.2260
W1 transition long    0.2906  0.1632    0.1545  0.1948  0.2930  0.3150  0.2602  0.1865    0.1891  0.1993  0.2663  0.2765
W1 transition short   0.0274  0.0457    0.0566  0.0353  0.0626  0.0575  0.1846  0.1796    0.1817  0.1782  0.1876  0.1883

=== TRANSITION DONE ===
