db: 192.168.1.12/capitalscan  T=2025-09-26  eval=(datetime.date(2025, 9, 26), datetime.date(2026, 9, 25))
breadth rows: 5334  latest 2026-09-25
eval frame: FrameReport(rows=17350, dropped_etf=594, dropped_missing_sector=0, dropped_no_label=14791, dropped_untrained_type=0)  breadth NaN: 0

=== A_base: features 22 ===
  n_train=132,563 n_calibrate=7,111 steps=[829, 714, 772]

=== B_breadth: features 24 ===
  n_train=132,563 n_calibrate=7,111 steps=[687, 623, 744]

==============================================================================
OUT OF SAMPLE 2025-09-26 .. 2026-09-25
==============================================================================
                           auc               gap           skill_vs_eval_base          
arm                     A_base B_breadth  A_base B_breadth             A_base B_breadth
field       scope                                                                      
p_adverse_3 all         0.6266    0.6250  0.1497    0.1489            -0.0434   -0.0432
            side=long   0.6217    0.6160  0.1150    0.1098            -0.0123   -0.0110
            side=short  0.6342    0.6366  0.1741    0.1764            -0.0652   -0.0657
p_adverse_5 all         0.6665    0.6635  0.1037    0.1034             0.0143    0.0129
            side=long   0.6572    0.6512  0.0568    0.0531             0.0396    0.0378
            side=short  0.6839    0.6845  0.1369    0.1390            -0.0019   -0.0032
p_touch_10  all         0.7535    0.7539 -0.0289   -0.0211             0.1298    0.1307
            side=long   0.7580    0.7547 -0.0218   -0.0189             0.1503    0.1412
            side=short  0.7445    0.7461 -0.0338   -0.0227             0.1119    0.1216
p_touch_2   all         0.6105    0.6155 -0.0757   -0.0614             0.0033    0.0134
            side=long   0.6405    0.6461 -0.1009   -0.0906             0.0106    0.0228
            side=short  0.5857    0.5912 -0.0580   -0.0408            -0.0016    0.0071
p_touch_3   all         0.6442    0.6467 -0.0567   -0.0424             0.0465    0.0496
            side=long   0.6690    0.6714 -0.0767   -0.0716             0.0653    0.0670
            side=short  0.6213    0.6239 -0.0426   -0.0218             0.0332    0.0374
p_touch_5   all         0.6917    0.6939 -0.0562   -0.0403             0.0771    0.0828
            side=long   0.7127    0.7138 -0.0629   -0.0530             0.1140    0.1107
            side=short  0.6702    0.6725 -0.0514   -0.0314             0.0482    0.0609

p_touch_3 by month: |realised - predicted|
arm            A_base  B_breadth
scope                           
month=2025-09  0.1807     0.1665
month=2025-10  0.0039     0.0152
month=2025-11  0.0179     0.0059
month=2025-12  0.1342     0.1135
month=2026-01  0.0438     0.0247
month=2026-02  0.0620     0.0452
month=2026-03  0.1683     0.1632
month=2026-04  0.1666     0.1492
month=2026-05  0.0717     0.0534
month=2026-06  0.0429     0.0278
month=2026-07  0.0749     0.0834
month=2026-08  0.0265     0.0078
month=2026-09  0.0138     0.0099

mean monthly |gap| p_touch_3: {'A_base': 0.0775, 'B_breadth': 0.0666}

results: C:\Users\daris\Desktop\School\CapitalScan\scripts\hist\breadth-brier-2026-09-27\results.csv
=== DONE ===
